version https://git-lfs.github.com/spec/v1
oid sha256:7bb2958164fe463a2ae0524f44dd47f3f9031c9a1d59a5ce7e7b9b33dcb89641
size 3637800
