version https://git-lfs.github.com/spec/v1
oid sha256:fccc35d75b0187e516b91570c35c4510687a1f6212a9d629b7a680e151ff03b8
size 3947400
