version https://git-lfs.github.com/spec/v1
oid sha256:dedfef6aa896a36cb834fccfac054a0052489631a3d4ea4ceebd4836c79a1e35
size 1109400
