version https://git-lfs.github.com/spec/v1
oid sha256:94ef12cfb334aeb5e0e30a097adf333de3c7be4584316a4da0deba43bbf43eb6
size 6424200
