version https://git-lfs.github.com/spec/v1
oid sha256:41e36415f57568421d0d0cdb7b55af82113d7f0048424e3f4af3d117fd192817
size 36531502
