version https://git-lfs.github.com/spec/v1
oid sha256:4704d66a194b3dc225e4d91abbdd8e641d82455fdaab5cfd351d363f3b5483a0
size 17956162
