version https://git-lfs.github.com/spec/v1
oid sha256:6d5cbf0e519e285112e37aa99513c1c0c2cf48e315ef6da9aee47e9054aa3ccb
size 3947400
