version https://git-lfs.github.com/spec/v1
oid sha256:069c82685b97851ff888faf429025d77e276a53bd9a2f8a8eac67395440a970c
size 27863010
