version https://git-lfs.github.com/spec/v1
oid sha256:4ae372eeb212b69f6271359642e7492bdf61f7c14144fbd1b819818ca2641d0a
size 30339722
