version https://git-lfs.github.com/spec/v1
oid sha256:4edc5f0d60844fadd74608d69dab603f7e44f0ae44233a60f97b3b4435110bd5
size 546164888
